0 verbose cli C:\Program Files\nodejs\node.exe C:\Users\piruj\AppData\Roaming\npm\node_modules\npm\bin\npm-cli.js
1 info using npm@11.6.1
2 info using node@v23.5.0
3 silly config load:file:C:\Users\piruj\AppData\Roaming\npm\node_modules\npm\npmrc
4 silly config load:file:C:\Users\piruj\OneDrive\Desktop\Patri\Gestor-Tareas\my-fullstack-app\.npmrc
5 silly config load:file:C:\Users\piruj\.npmrc
6 silly config load:file:C:\Users\piruj\AppData\Roaming\npm\etc\npmrc
7 verbose title npm install
8 verbose argv "install"
9 verbose logfile logs-max:10 dir:C:\Users\piruj\OneDrive\Desktop\Patri\Gestor-Tareas\my-fullstack-app\tempnpm-cache\_logs\2026-02-23T16_28_34_617Z-
10 verbose logfile C:\Users\piruj\OneDrive\Desktop\Patri\Gestor-Tareas\my-fullstack-app\tempnpm-cache\_logs\2026-02-23T16_28_34_617Z-debug-0.log
11 silly logfile done cleaning log files
12 silly packumentCache heap:4345298944 maxSize:1086324736 maxEntrySize:543162368
13 silly idealTree buildDeps
14 silly reify moves {}
15 verbose stack Error: Could not read package.json: Error: ENOENT: no such file or directory, open 'C:\Users\piruj\OneDrive\Desktop\Patri\Gestor-Tareas\my-fullstack-app\package.json'
15 verbose stack     at async open (node:internal/fs/promises:639:25)
15 verbose stack     at async readFile (node:internal/fs/promises:1243:14)
15 verbose stack     at async read (C:\Users\piruj\AppData\Roaming\npm\node_modules\npm\node_modules\@npmcli\package-json\lib\read-package.js:9:18)
15 verbose stack     at async PackageJson.load (C:\Users\piruj\AppData\Roaming\npm\node_modules\npm\node_modules\@npmcli\package-json\lib\index.js:131:31)
15 verbose stack     at async PackageJson.normalize (C:\Users\piruj\AppData\Roaming\npm\node_modules\npm\node_modules\@npmcli\package-json\lib\index.js:117:5)
15 verbose stack     at async runScript (C:\Users\piruj\AppData\Roaming\npm\node_modules\npm\node_modules\@npmcli\run-script\lib\run-script.js:11:28)
15 verbose stack     at async Install.exec (C:\Users\piruj\AppData\Roaming\npm\node_modules\npm\lib\commands\install.js:163:9)
15 verbose stack     at async Npm.exec (C:\Users\piruj\AppData\Roaming\npm\node_modules\npm\lib\npm.js:208:9)
15 verbose stack     at async module.exports (C:\Users\piruj\AppData\Roaming\npm\node_modules\npm\lib\cli\entry.js:67:5)
16 error code ENOENT
17 error syscall open
18 error path C:\Users\piruj\OneDrive\Desktop\Patri\Gestor-Tareas\my-fullstack-app\package.json
19 error errno -4058
20 error enoent Could not read package.json: Error: ENOENT: no such file or directory, open 'C:\Users\piruj\OneDrive\Desktop\Patri\Gestor-Tareas\my-fullstack-app\package.json'
21 error enoent This is related to npm not being able to find a file.
21 error enoent
22 verbose cwd C:\Users\piruj\OneDrive\Desktop\Patri\Gestor-Tareas\my-fullstack-app
23 verbose os Windows_NT 10.0.26200
24 verbose node v23.5.0
25 verbose npm  v11.6.1
26 verbose exit -4058
27 verbose code -4058
28 error A complete log of this run can be found in: C:\Users\piruj\OneDrive\Desktop\Patri\Gestor-Tareas\my-fullstack-app\tempnpm-cache\_logs\2026-02-23T16_28_34_617Z-debug-0.log
