0 verbose cli C:\Program Files\nodejs\node.exe C:\Users\piruj\AppData\Roaming\npm\node_modules\npm\bin\npm-cli.js
1 info using npm@11.6.1
2 info using node@v23.5.0
3 silly config load:file:C:\Users\piruj\AppData\Roaming\npm\node_modules\npm\npmrc
4 silly config load:file:C:\Users\piruj\OneDrive\Desktop\Patri\Gestor-Tareas\my-fullstack-app\frontend\.npmrc
5 silly config load:file:C:\Users\piruj\.npmrc
6 silly config load:file:C:\Users\piruj\AppData\Roaming\npm\etc\npmrc
7 verbose title npm install
8 verbose argv "install"
9 verbose logfile logs-max:10 dir:C:\Users\piruj\OneDrive\Desktop\Patri\Gestor-Tareas\my-fullstack-app\frontend\tempnpm-cache\_logs\2026-03-11T19_36_56_948Z-
10 verbose logfile C:\Users\piruj\OneDrive\Desktop\Patri\Gestor-Tareas\my-fullstack-app\frontend\tempnpm-cache\_logs\2026-03-11T19_36_56_948Z-debug-0.log
11 silly logfile done cleaning log files
12 silly packumentCache heap:4345298944 maxSize:1086324736 maxEntrySize:543162368
13 silly idealTree buildDeps
14 silly reify moves {}
15 silly audit bulk request {
15 silly audit   '@alloc/quick-lru': [ '5.2.0' ],
15 silly audit   '@babel/code-frame': [ '7.28.6' ],
15 silly audit   '@babel/compat-data': [ '7.28.6' ],
15 silly audit   '@babel/core': [ '7.28.6' ],
15 silly audit   '@babel/generator': [ '7.28.6' ],
15 silly audit   '@babel/helper-compilation-targets': [ '7.28.6' ],
15 silly audit   '@babel/helper-globals': [ '7.28.0' ],
15 silly audit   '@babel/helper-module-imports': [ '7.28.6' ],
15 silly audit   '@babel/helper-module-transforms': [ '7.28.6' ],
15 silly audit   '@babel/helper-plugin-utils': [ '7.28.6' ],
15 silly audit   '@babel/helper-string-parser': [ '7.27.1' ],
15 silly audit   '@babel/helper-validator-identifier': [ '7.28.5' ],
15 silly audit   '@babel/helper-validator-option': [ '7.27.1' ],
15 silly audit   '@babel/helpers': [ '7.28.6' ],
15 silly audit   '@babel/parser': [ '7.28.6' ],
15 silly audit   '@babel/plugin-transform-react-jsx-self': [ '7.27.1' ],
15 silly audit   '@babel/plugin-transform-react-jsx-source': [ '7.27.1' ],
15 silly audit   '@babel/template': [ '7.28.6' ],
15 silly audit   '@babel/traverse': [ '7.28.6' ],
15 silly audit   '@babel/types': [ '7.28.6' ],
15 silly audit   '@esbuild/android-arm': [ '0.18.20' ],
15 silly audit   '@esbuild/android-arm64': [ '0.18.20' ],
15 silly audit   '@esbuild/android-x64': [ '0.18.20' ],
15 silly audit   '@esbuild/darwin-arm64': [ '0.18.20' ],
15 silly audit   '@esbuild/darwin-x64': [ '0.18.20' ],
15 silly audit   '@esbuild/freebsd-arm64': [ '0.18.20' ],
15 silly audit   '@esbuild/freebsd-x64': [ '0.18.20' ],
15 silly audit   '@esbuild/linux-arm': [ '0.18.20' ],
15 silly audit   '@esbuild/linux-arm64': [ '0.18.20' ],
15 silly audit   '@esbuild/linux-ia32': [ '0.18.20' ],
15 silly audit   '@esbuild/linux-loong64': [ '0.18.20' ],
15 silly audit   '@esbuild/linux-mips64el': [ '0.18.20' ],
15 silly audit   '@esbuild/linux-ppc64': [ '0.18.20' ],
15 silly audit   '@esbuild/linux-riscv64': [ '0.18.20' ],
15 silly audit   '@esbuild/linux-s390x': [ '0.18.20' ],
15 silly audit   '@esbuild/linux-x64': [ '0.18.20' ],
15 silly audit   '@esbuild/netbsd-x64': [ '0.18.20' ],
15 silly audit   '@esbuild/openbsd-x64': [ '0.18.20' ],
15 silly audit   '@esbuild/sunos-x64': [ '0.18.20' ],
15 silly audit   '@esbuild/win32-arm64': [ '0.18.20' ],
15 silly audit   '@esbuild/win32-ia32': [ '0.18.20' ],
15 silly audit   '@esbuild/win32-x64': [ '0.18.20' ],
15 silly audit   '@jridgewell/gen-mapping': [ '0.3.13' ],
15 silly audit   '@jridgewell/remapping': [ '2.3.5' ],
15 silly audit   '@jridgewell/resolve-uri': [ '3.1.2' ],
15 silly audit   '@jridgewell/sourcemap-codec': [ '1.5.5' ],
15 silly audit   '@jridgewell/trace-mapping': [ '0.3.31' ],
15 silly audit   '@nodelib/fs.scandir': [ '2.1.5' ],
15 silly audit   '@nodelib/fs.stat': [ '2.0.5' ],
15 silly audit   '@nodelib/fs.walk': [ '1.2.8' ],
15 silly audit   '@remix-run/router': [ '1.23.2' ],
15 silly audit   '@vitejs/plugin-react': [ '3.1.0' ],
15 silly audit   'any-promise': [ '1.3.0' ],
15 silly audit   anymatch: [ '3.1.3' ],
15 silly audit   arg: [ '5.0.2' ],
15 silly audit   autoprefixer: [ '10.4.23' ],
15 silly audit   axios: [ '0.21.4' ],
15 silly audit   'baseline-browser-mapping': [ '2.9.14' ],
15 silly audit   'binary-extensions': [ '2.3.0' ],
15 silly audit   braces: [ '3.0.3' ],
15 silly audit   browserslist: [ '4.28.1' ],
15 silly audit   'camelcase-css': [ '2.0.1' ],
15 silly audit   'caniuse-lite': [ '1.0.30001764' ],
15 silly audit   chokidar: [ '3.6.0' ],
15 silly audit   'glob-parent': [ '5.1.2', '6.0.2' ],
15 silly audit   clsx: [ '2.1.1' ],
15 silly audit   commander: [ '4.1.1' ],
15 silly audit   'convert-source-map': [ '2.0.0' ],
15 silly audit   cssesc: [ '3.0.0' ],
15 silly audit   debug: [ '4.4.3' ],
15 silly audit   didyoumean: [ '1.2.2' ],
15 silly audit   dlv: [ '1.1.3' ],
15 silly audit   'electron-to-chromium': [ '1.5.267' ],
15 silly audit   esbuild: [ '0.18.20' ],
15 silly audit   escalade: [ '3.2.0' ],
15 silly audit   'fast-glob': [ '3.3.3' ],
15 silly audit   fastq: [ '1.20.1' ],
15 silly audit   'fill-range': [ '7.1.1' ],
15 silly audit   'follow-redirects': [ '1.15.11' ],
15 silly audit   'fraction.js': [ '5.3.4' ],
15 silly audit   'framer-motion': [ '12.34.3' ],
15 silly audit   fsevents: [ '2.3.3' ],
15 silly audit   'function-bind': [ '1.1.2' ],
15 silly audit   gensync: [ '1.0.0-beta.2' ],
15 silly audit   hasown: [ '2.0.2' ],
15 silly audit   'is-binary-path': [ '2.1.0' ],
15 silly audit   'is-core-module': [ '2.16.1' ],
15 silly audit   'is-extglob': [ '2.1.1' ],
15 silly audit   'is-glob': [ '4.0.3' ],
15 silly audit   'is-number': [ '7.0.0' ],
15 silly audit   jiti: [ '1.21.7' ],
15 silly audit   'js-tokens': [ '4.0.0' ],
15 silly audit   jsesc: [ '3.1.0' ],
15 silly audit   json5: [ '2.2.3' ],
15 silly audit   lilconfig: [ '3.1.3' ],
15 silly audit   'lines-and-columns': [ '1.2.4' ],
15 silly audit   'loose-envify': [ '1.4.0' ],
15 silly audit   'lru-cache': [ '5.1.1' ],
15 silly audit   'magic-string': [ '0.27.0' ],
15 silly audit   merge2: [ '1.4.1' ],
15 silly audit   micromatch: [ '4.0.8' ],
15 silly audit   'motion-dom': [ '12.34.3' ],
15 silly audit   'motion-utils': [ '12.29.2' ],
15 silly audit   ms: [ '2.1.3' ],
15 silly audit   mz: [ '2.7.0' ],
15 silly audit   nanoid: [ '3.3.11' ],
15 silly audit   'node-releases': [ '2.0.27' ],
15 silly audit   'normalize-path': [ '3.0.0' ],
15 silly audit   'object-assign': [ '4.1.1' ],
15 silly audit   'object-hash': [ '3.0.0' ],
15 silly audit   'path-parse': [ '1.0.7' ],
15 silly audit   picocolors: [ '1.1.1' ],
15 silly audit   picomatch: [ '2.3.1', '4.0.3' ],
15 silly audit   pify: [ '2.3.0' ],
15 silly audit   pirates: [ '4.0.7' ],
15 silly audit   postcss: [ '8.5.6' ],
15 silly audit   'postcss-import': [ '15.1.0' ],
15 silly audit   'postcss-js': [ '4.1.0' ],
15 silly audit   'postcss-load-config': [ '6.0.1' ],
15 silly audit   'postcss-nested': [ '6.2.0' ],
15 silly audit   'postcss-selector-parser': [ '6.1.2' ],
15 silly audit   'postcss-value-parser': [ '4.2.0' ],
15 silly audit   'queue-microtask': [ '1.2.3' ],
15 silly audit   react: [ '18.3.1' ],
15 silly audit   'react-dom': [ '18.3.1' ],
15 silly audit   'react-refresh': [ '0.14.2' ],
15 silly audit   'react-router': [ '6.30.3' ],
15 silly audit   'react-router-dom': [ '6.30.3' ],
15 silly audit   'react-toastify': [ '11.0.5' ],
15 silly audit   'read-cache': [ '1.0.0' ],
15 silly audit   readdirp: [ '3.6.0' ],
15 silly audit   resolve: [ '1.22.11' ],
15 silly audit   reusify: [ '1.1.0' ],
15 silly audit   rollup: [ '3.29.5' ],
15 silly audit   'run-parallel': [ '1.2.0' ],
15 silly audit   scheduler: [ '0.23.2' ],
15 silly audit   semver: [ '6.3.1' ],
15 silly audit   'source-map-js': [ '1.2.1' ],
15 silly audit   sucrase: [ '3.35.1' ],
15 silly audit   'supports-preserve-symlinks-flag': [ '1.0.0' ],
15 silly audit   tailwindcss: [ '3.4.19' ],
15 silly audit   thenify: [ '3.3.1' ],
15 silly audit   'thenify-all': [ '1.6.0' ],
15 silly audit   tinyglobby: [ '0.2.15' ],
15 silly audit   fdir: [ '6.5.0' ],
15 silly audit   'to-regex-range': [ '5.0.1' ],
15 silly audit   'ts-interface-checker': [ '0.1.13' ],
15 silly audit   tslib: [ '2.8.1' ],
15 silly audit   'update-browserslist-db': [ '1.2.3' ],
15 silly audit   'util-deprecate': [ '1.0.2' ],
15 silly audit   vite: [ '4.5.14' ],
15 silly audit   yallist: [ '3.1.1' ]
15 silly audit }
16 http fetch POST 200 https://registry.npmjs.org/-/npm/v1/security/advisories/bulk 949ms
17 silly audit report {
17 silly audit report   axios: [
17 silly audit report     {
17 silly audit report       id: 1111034,
17 silly audit report       url: 'https://github.com/advisories/GHSA-jr5f-v2jv-69x6',
17 silly audit report       title: 'axios Requests Vulnerable To Possible SSRF and Credential Leakage via Absolute URL',
17 silly audit report       severity: 'high',
17 silly audit report       vulnerable_versions: '<0.30.0',
17 silly audit report       cwe: [Array],
17 silly audit report       cvss: [Object]
17 silly audit report     },
17 silly audit report     {
17 silly audit report       id: 1113274,
17 silly audit report       url: 'https://github.com/advisories/GHSA-43fc-jf86-j433',
17 silly audit report       title: 'Axios is Vulnerable to Denial of Service via __proto__ Key in mergeConfig',
17 silly audit report       severity: 'high',
17 silly audit report       vulnerable_versions: '<=0.30.2',
17 silly audit report       cwe: [Array],
17 silly audit report       cvss: [Object]
17 silly audit report     },
17 silly audit report     {
17 silly audit report       id: 1097679,
17 silly audit report       url: 'https://github.com/advisories/GHSA-wf5p-g6vw-rhxx',
17 silly audit report       title: 'Axios Cross-Site Request Forgery Vulnerability',
17 silly audit report       severity: 'moderate',
17 silly audit report       vulnerable_versions: '>=0.8.1 <0.28.0',
17 silly audit report       cwe: [Array],
17 silly audit report       cvss: [Object]
17 silly audit report     }
17 silly audit report   ],
17 silly audit report   esbuild: [
17 silly audit report     {
17 silly audit report       id: 1102341,
17 silly audit report       url: 'https://github.com/advisories/GHSA-67mh-4wv8-2f99',
17 silly audit report       title: 'esbuild enables any website to send any requests to the development server and read the response',
17 silly audit report       severity: 'moderate',
17 silly audit report       vulnerable_versions: '<=0.24.2',
17 silly audit report       cwe: [Array],
17 silly audit report       cvss: [Object]
17 silly audit report     }
17 silly audit report   ],
17 silly audit report   rollup: [
17 silly audit report     {
17 silly audit report       id: 1113516,
17 silly audit report       url: 'https://github.com/advisories/GHSA-mw96-cpmx-2vgc',
17 silly audit report       title: 'Rollup 4 has Arbitrary File Write via Path Traversal',
17 silly audit report       severity: 'high',
17 silly audit report       vulnerable_versions: '>=3.0.0 <3.30.0',
17 silly audit report       cwe: [Array],
17 silly audit report       cvss: [Object]
17 silly audit report     }
17 silly audit report   ],
17 silly audit report   vite: [
17 silly audit report     {
17 silly audit report       id: 1107323,
17 silly audit report       url: 'https://github.com/advisories/GHSA-g4jq-h2w9-997c',
17 silly audit report       title: 'Vite middleware may serve files starting with the same name with the public directory',
17 silly audit report       severity: 'low',
17 silly audit report       vulnerable_versions: '<=5.4.19',
17 silly audit report       cwe: [Array],
17 silly audit report       cvss: [Object]
17 silly audit report     },
17 silly audit report     {
17 silly audit report       id: 1107327,
17 silly audit report       url: 'https://github.com/advisories/GHSA-jqfw-vq24-v9c3',
17 silly audit report       title: "Vite's `server.fs` settings were not applied to HTML files",
17 silly audit report       severity: 'low',
17 silly audit report       vulnerable_versions: '<=5.4.19',
17 silly audit report       cwe: [Array],
17 silly audit report       cvss: [Object]
17 silly audit report     },
17 silly audit report     {
17 silly audit report       id: 1109132,
17 silly audit report       url: 'https://github.com/advisories/GHSA-93m4-6634-74q7',
17 silly audit report       title: 'vite allows server.fs.deny bypass via backslash on Windows',
17 silly audit report       severity: 'moderate',
17 silly audit report       vulnerable_versions: '>=4.5.3 <5.0.0',
17 silly audit report       cwe: [Array],
17 silly audit report       cvss: [Object]
17 silly audit report     }
17 silly audit report   ]
17 silly audit report }
18 silly packumentCache corgi:https://registry.npmjs.org/axios cache-miss
19 silly packumentCache corgi:https://registry.npmjs.org/esbuild cache-miss
20 silly packumentCache corgi:https://registry.npmjs.org/rollup cache-miss
21 silly packumentCache corgi:https://registry.npmjs.org/vite cache-miss
22 http fetch GET 200 https://registry.npmjs.org/axios 62ms (cache revalidated)
23 silly packumentCache corgi:https://registry.npmjs.org/axios set size:273487 disposed:false
24 http fetch GET 200 https://registry.npmjs.org/esbuild 104ms (cache revalidated)
25 silly packumentCache corgi:https://registry.npmjs.org/esbuild set size:879341 disposed:false
26 http fetch GET 200 https://registry.npmjs.org/rollup 118ms (cache revalidated)
27 silly packumentCache corgi:https://registry.npmjs.org/rollup set size:2543476 disposed:false
28 http fetch GET 200 https://registry.npmjs.org/vite 257ms (cache revalidated)
29 silly packumentCache corgi:https://registry.npmjs.org/vite set size:2196538 disposed:false
30 silly packumentCache corgi:https://registry.npmjs.org/@vitejs%2fplugin-react cache-miss
31 http fetch GET 200 https://registry.npmjs.org/@vitejs%2fplugin-react 264ms (cache revalidated)
32 silly packumentCache corgi:https://registry.npmjs.org/@vitejs%2fplugin-react set size:108650 disposed:false
33 verbose cwd C:\Users\piruj\OneDrive\Desktop\Patri\Gestor-Tareas\my-fullstack-app\frontend
34 verbose os Windows_NT 10.0.26200
35 verbose node v23.5.0
36 verbose npm  v11.6.1
37 verbose exit 0
38 info ok
