0 verbose cli C:\Program Files\nodejs\node.exe C:\Users\piruj\AppData\Roaming\npm\node_modules\npm\bin\npm-cli.js
1 info using npm@11.6.1
2 info using node@v23.5.0
3 silly config load:file:C:\Users\piruj\AppData\Roaming\npm\node_modules\npm\npmrc
4 silly config load:file:C:\Users\piruj\OneDrive\Desktop\Patri\Gestor-Tareas\my-fullstack-app\frontend\.npmrc
5 silly config load:file:C:\Users\piruj\.npmrc
6 silly config load:file:C:\Users\piruj\AppData\Roaming\npm\etc\npmrc
7 verbose title npm install
8 verbose argv "install"
9 verbose logfile logs-max:10 dir:C:\Users\piruj\OneDrive\Desktop\Patri\Gestor-Tareas\my-fullstack-app\frontend\tempnpm-cache\_logs\2026-03-11T19_10_24_895Z-
10 verbose logfile C:\Users\piruj\OneDrive\Desktop\Patri\Gestor-Tareas\my-fullstack-app\frontend\tempnpm-cache\_logs\2026-03-11T19_10_24_895Z-debug-0.log
11 silly logfile done cleaning log files
12 silly packumentCache heap:4345298944 maxSize:1086324736 maxEntrySize:543162368
13 verbose shrinkwrap failed to load node_modules/.package-lock.json out of date, updated: node_modules
14 silly idealTree buildDeps
15 silly reify moves {}
16 silly audit bulk request {
16 silly audit   '@alloc/quick-lru': [ '5.2.0' ],
16 silly audit   '@babel/code-frame': [ '7.28.6' ],
16 silly audit   '@babel/compat-data': [ '7.28.6' ],
16 silly audit   '@babel/core': [ '7.28.6' ],
16 silly audit   '@babel/generator': [ '7.28.6' ],
16 silly audit   '@babel/helper-compilation-targets': [ '7.28.6' ],
16 silly audit   '@babel/helper-globals': [ '7.28.0' ],
16 silly audit   '@babel/helper-module-imports': [ '7.28.6' ],
16 silly audit   '@babel/helper-module-transforms': [ '7.28.6' ],
16 silly audit   '@babel/helper-plugin-utils': [ '7.28.6' ],
16 silly audit   '@babel/helper-string-parser': [ '7.27.1' ],
16 silly audit   '@babel/helper-validator-identifier': [ '7.28.5' ],
16 silly audit   '@babel/helper-validator-option': [ '7.27.1' ],
16 silly audit   '@babel/helpers': [ '7.28.6' ],
16 silly audit   '@babel/parser': [ '7.28.6' ],
16 silly audit   '@babel/plugin-transform-react-jsx-self': [ '7.27.1' ],
16 silly audit   '@babel/plugin-transform-react-jsx-source': [ '7.27.1' ],
16 silly audit   '@babel/template': [ '7.28.6' ],
16 silly audit   '@babel/traverse': [ '7.28.6' ],
16 silly audit   '@babel/types': [ '7.28.6' ],
16 silly audit   '@esbuild/android-arm': [ '0.18.20' ],
16 silly audit   '@esbuild/android-arm64': [ '0.18.20' ],
16 silly audit   '@esbuild/android-x64': [ '0.18.20' ],
16 silly audit   '@esbuild/darwin-arm64': [ '0.18.20' ],
16 silly audit   '@esbuild/darwin-x64': [ '0.18.20' ],
16 silly audit   '@esbuild/freebsd-arm64': [ '0.18.20' ],
16 silly audit   '@esbuild/freebsd-x64': [ '0.18.20' ],
16 silly audit   '@esbuild/linux-arm': [ '0.18.20' ],
16 silly audit   '@esbuild/linux-arm64': [ '0.18.20' ],
16 silly audit   '@esbuild/linux-ia32': [ '0.18.20' ],
16 silly audit   '@esbuild/linux-loong64': [ '0.18.20' ],
16 silly audit   '@esbuild/linux-mips64el': [ '0.18.20' ],
16 silly audit   '@esbuild/linux-ppc64': [ '0.18.20' ],
16 silly audit   '@esbuild/linux-riscv64': [ '0.18.20' ],
16 silly audit   '@esbuild/linux-s390x': [ '0.18.20' ],
16 silly audit   '@esbuild/linux-x64': [ '0.18.20' ],
16 silly audit   '@esbuild/netbsd-x64': [ '0.18.20' ],
16 silly audit   '@esbuild/openbsd-x64': [ '0.18.20' ],
16 silly audit   '@esbuild/sunos-x64': [ '0.18.20' ],
16 silly audit   '@esbuild/win32-arm64': [ '0.18.20' ],
16 silly audit   '@esbuild/win32-ia32': [ '0.18.20' ],
16 silly audit   '@esbuild/win32-x64': [ '0.18.20' ],
16 silly audit   '@jridgewell/gen-mapping': [ '0.3.13' ],
16 silly audit   '@jridgewell/remapping': [ '2.3.5' ],
16 silly audit   '@jridgewell/resolve-uri': [ '3.1.2' ],
16 silly audit   '@jridgewell/sourcemap-codec': [ '1.5.5' ],
16 silly audit   '@jridgewell/trace-mapping': [ '0.3.31' ],
16 silly audit   '@nodelib/fs.scandir': [ '2.1.5' ],
16 silly audit   '@nodelib/fs.stat': [ '2.0.5' ],
16 silly audit   '@nodelib/fs.walk': [ '1.2.8' ],
16 silly audit   '@remix-run/router': [ '1.23.2' ],
16 silly audit   '@vitejs/plugin-react': [ '3.1.0' ],
16 silly audit   'any-promise': [ '1.3.0' ],
16 silly audit   anymatch: [ '3.1.3' ],
16 silly audit   arg: [ '5.0.2' ],
16 silly audit   autoprefixer: [ '10.4.23' ],
16 silly audit   axios: [ '0.21.4' ],
16 silly audit   'baseline-browser-mapping': [ '2.9.14' ],
16 silly audit   'binary-extensions': [ '2.3.0' ],
16 silly audit   braces: [ '3.0.3' ],
16 silly audit   browserslist: [ '4.28.1' ],
16 silly audit   'camelcase-css': [ '2.0.1' ],
16 silly audit   'caniuse-lite': [ '1.0.30001764' ],
16 silly audit   chokidar: [ '3.6.0' ],
16 silly audit   'glob-parent': [ '5.1.2', '6.0.2' ],
16 silly audit   clsx: [ '2.1.1' ],
16 silly audit   commander: [ '4.1.1' ],
16 silly audit   'convert-source-map': [ '2.0.0' ],
16 silly audit   cssesc: [ '3.0.0' ],
16 silly audit   debug: [ '4.4.3' ],
16 silly audit   didyoumean: [ '1.2.2' ],
16 silly audit   dlv: [ '1.1.3' ],
16 silly audit   'electron-to-chromium': [ '1.5.267' ],
16 silly audit   esbuild: [ '0.18.20' ],
16 silly audit   escalade: [ '3.2.0' ],
16 silly audit   'fast-glob': [ '3.3.3' ],
16 silly audit   fastq: [ '1.20.1' ],
16 silly audit   'fill-range': [ '7.1.1' ],
16 silly audit   'follow-redirects': [ '1.15.11' ],
16 silly audit   'fraction.js': [ '5.3.4' ],
16 silly audit   'framer-motion': [ '12.34.3' ],
16 silly audit   fsevents: [ '2.3.3' ],
16 silly audit   'function-bind': [ '1.1.2' ],
16 silly audit   gensync: [ '1.0.0-beta.2' ],
16 silly audit   hasown: [ '2.0.2' ],
16 silly audit   'is-binary-path': [ '2.1.0' ],
16 silly audit   'is-core-module': [ '2.16.1' ],
16 silly audit   'is-extglob': [ '2.1.1' ],
16 silly audit   'is-glob': [ '4.0.3' ],
16 silly audit   'is-number': [ '7.0.0' ],
16 silly audit   jiti: [ '1.21.7' ],
16 silly audit   'js-tokens': [ '4.0.0' ],
16 silly audit   jsesc: [ '3.1.0' ],
16 silly audit   json5: [ '2.2.3' ],
16 silly audit   lilconfig: [ '3.1.3' ],
16 silly audit   'lines-and-columns': [ '1.2.4' ],
16 silly audit   'loose-envify': [ '1.4.0' ],
16 silly audit   'lru-cache': [ '5.1.1' ],
16 silly audit   'magic-string': [ '0.27.0' ],
16 silly audit   merge2: [ '1.4.1' ],
16 silly audit   micromatch: [ '4.0.8' ],
16 silly audit   'motion-dom': [ '12.34.3' ],
16 silly audit   'motion-utils': [ '12.29.2' ],
16 silly audit   ms: [ '2.1.3' ],
16 silly audit   mz: [ '2.7.0' ],
16 silly audit   nanoid: [ '3.3.11' ],
16 silly audit   'node-releases': [ '2.0.27' ],
16 silly audit   'normalize-path': [ '3.0.0' ],
16 silly audit   'object-assign': [ '4.1.1' ],
16 silly audit   'object-hash': [ '3.0.0' ],
16 silly audit   'path-parse': [ '1.0.7' ],
16 silly audit   picocolors: [ '1.1.1' ],
16 silly audit   picomatch: [ '2.3.1', '4.0.3' ],
16 silly audit   pify: [ '2.3.0' ],
16 silly audit   pirates: [ '4.0.7' ],
16 silly audit   postcss: [ '8.5.6' ],
16 silly audit   'postcss-import': [ '15.1.0' ],
16 silly audit   'postcss-js': [ '4.1.0' ],
16 silly audit   'postcss-load-config': [ '6.0.1' ],
16 silly audit   'postcss-nested': [ '6.2.0' ],
16 silly audit   'postcss-selector-parser': [ '6.1.2' ],
16 silly audit   'postcss-value-parser': [ '4.2.0' ],
16 silly audit   'queue-microtask': [ '1.2.3' ],
16 silly audit   react: [ '18.3.1' ],
16 silly audit   'react-dom': [ '18.3.1' ],
16 silly audit   'react-refresh': [ '0.14.2' ],
16 silly audit   'react-router': [ '6.30.3' ],
16 silly audit   'react-router-dom': [ '6.30.3' ],
16 silly audit   'react-toastify': [ '11.0.5' ],
16 silly audit   'read-cache': [ '1.0.0' ],
16 silly audit   readdirp: [ '3.6.0' ],
16 silly audit   resolve: [ '1.22.11' ],
16 silly audit   reusify: [ '1.1.0' ],
16 silly audit   rollup: [ '3.29.5' ],
16 silly audit   'run-parallel': [ '1.2.0' ],
16 silly audit   scheduler: [ '0.23.2' ],
16 silly audit   semver: [ '6.3.1' ],
16 silly audit   'source-map-js': [ '1.2.1' ],
16 silly audit   sucrase: [ '3.35.1' ],
16 silly audit   'supports-preserve-symlinks-flag': [ '1.0.0' ],
16 silly audit   tailwindcss: [ '3.4.19' ],
16 silly audit   thenify: [ '3.3.1' ],
16 silly audit   'thenify-all': [ '1.6.0' ],
16 silly audit   tinyglobby: [ '0.2.15' ],
16 silly audit   fdir: [ '6.5.0' ],
16 silly audit   'to-regex-range': [ '5.0.1' ],
16 silly audit   'ts-interface-checker': [ '0.1.13' ],
16 silly audit   tslib: [ '2.8.1' ],
16 silly audit   'update-browserslist-db': [ '1.2.3' ],
16 silly audit   'util-deprecate': [ '1.0.2' ],
16 silly audit   vite: [ '4.5.14' ],
16 silly audit   yallist: [ '3.1.1' ]
16 silly audit }
17 verbose reify failed optional dependency C:\Users\piruj\OneDrive\Desktop\Patri\Gestor-Tareas\my-fullstack-app\frontend\node_modules\fsevents
18 silly reify mark deleted [
18 silly reify   'C:\\Users\\piruj\\OneDrive\\Desktop\\Patri\\Gestor-Tareas\\my-fullstack-app\\frontend\\node_modules\\fsevents'
18 silly reify ]
19 verbose reify failed optional dependency C:\Users\piruj\OneDrive\Desktop\Patri\Gestor-Tareas\my-fullstack-app\frontend\node_modules\@esbuild\win32-ia32
20 silly reify mark deleted [
20 silly reify   'C:\\Users\\piruj\\OneDrive\\Desktop\\Patri\\Gestor-Tareas\\my-fullstack-app\\frontend\\node_modules\\@esbuild\\win32-ia32'
20 silly reify ]
21 verbose reify failed optional dependency C:\Users\piruj\OneDrive\Desktop\Patri\Gestor-Tareas\my-fullstack-app\frontend\node_modules\@esbuild\win32-arm64
22 silly reify mark deleted [
22 silly reify   'C:\\Users\\piruj\\OneDrive\\Desktop\\Patri\\Gestor-Tareas\\my-fullstack-app\\frontend\\node_modules\\@esbuild\\win32-arm64'
22 silly reify ]
23 verbose reify failed optional dependency C:\Users\piruj\OneDrive\Desktop\Patri\Gestor-Tareas\my-fullstack-app\frontend\node_modules\@esbuild\sunos-x64
24 silly reify mark deleted [
24 silly reify   'C:\\Users\\piruj\\OneDrive\\Desktop\\Patri\\Gestor-Tareas\\my-fullstack-app\\frontend\\node_modules\\@esbuild\\sunos-x64'
24 silly reify ]
25 verbose reify failed optional dependency C:\Users\piruj\OneDrive\Desktop\Patri\Gestor-Tareas\my-fullstack-app\frontend\node_modules\@esbuild\openbsd-x64
26 silly reify mark deleted [
26 silly reify   'C:\\Users\\piruj\\OneDrive\\Desktop\\Patri\\Gestor-Tareas\\my-fullstack-app\\frontend\\node_modules\\@esbuild\\openbsd-x64'
26 silly reify ]
27 verbose reify failed optional dependency C:\Users\piruj\OneDrive\Desktop\Patri\Gestor-Tareas\my-fullstack-app\frontend\node_modules\@esbuild\netbsd-x64
28 silly reify mark deleted [
28 silly reify   'C:\\Users\\piruj\\OneDrive\\Desktop\\Patri\\Gestor-Tareas\\my-fullstack-app\\frontend\\node_modules\\@esbuild\\netbsd-x64'
28 silly reify ]
29 verbose reify failed optional dependency C:\Users\piruj\OneDrive\Desktop\Patri\Gestor-Tareas\my-fullstack-app\frontend\node_modules\@esbuild\linux-x64
30 silly reify mark deleted [
30 silly reify   'C:\\Users\\piruj\\OneDrive\\Desktop\\Patri\\Gestor-Tareas\\my-fullstack-app\\frontend\\node_modules\\@esbuild\\linux-x64'
30 silly reify ]
31 verbose reify failed optional dependency C:\Users\piruj\OneDrive\Desktop\Patri\Gestor-Tareas\my-fullstack-app\frontend\node_modules\@esbuild\linux-s390x
32 silly reify mark deleted [
32 silly reify   'C:\\Users\\piruj\\OneDrive\\Desktop\\Patri\\Gestor-Tareas\\my-fullstack-app\\frontend\\node_modules\\@esbuild\\linux-s390x'
32 silly reify ]
33 verbose reify failed optional dependency C:\Users\piruj\OneDrive\Desktop\Patri\Gestor-Tareas\my-fullstack-app\frontend\node_modules\@esbuild\linux-riscv64
34 silly reify mark deleted [
34 silly reify   'C:\\Users\\piruj\\OneDrive\\Desktop\\Patri\\Gestor-Tareas\\my-fullstack-app\\frontend\\node_modules\\@esbuild\\linux-riscv64'
34 silly reify ]
35 verbose reify failed optional dependency C:\Users\piruj\OneDrive\Desktop\Patri\Gestor-Tareas\my-fullstack-app\frontend\node_modules\@esbuild\linux-ppc64
36 silly reify mark deleted [
36 silly reify   'C:\\Users\\piruj\\OneDrive\\Desktop\\Patri\\Gestor-Tareas\\my-fullstack-app\\frontend\\node_modules\\@esbuild\\linux-ppc64'
36 silly reify ]
37 verbose reify failed optional dependency C:\Users\piruj\OneDrive\Desktop\Patri\Gestor-Tareas\my-fullstack-app\frontend\node_modules\@esbuild\linux-mips64el
38 silly reify mark deleted [
38 silly reify   'C:\\Users\\piruj\\OneDrive\\Desktop\\Patri\\Gestor-Tareas\\my-fullstack-app\\frontend\\node_modules\\@esbuild\\linux-mips64el'
38 silly reify ]
39 verbose reify failed optional dependency C:\Users\piruj\OneDrive\Desktop\Patri\Gestor-Tareas\my-fullstack-app\frontend\node_modules\@esbuild\linux-loong64
40 silly reify mark deleted [
40 silly reify   'C:\\Users\\piruj\\OneDrive\\Desktop\\Patri\\Gestor-Tareas\\my-fullstack-app\\frontend\\node_modules\\@esbuild\\linux-loong64'
40 silly reify ]
41 verbose reify failed optional dependency C:\Users\piruj\OneDrive\Desktop\Patri\Gestor-Tareas\my-fullstack-app\frontend\node_modules\@esbuild\linux-ia32
42 silly reify mark deleted [
42 silly reify   'C:\\Users\\piruj\\OneDrive\\Desktop\\Patri\\Gestor-Tareas\\my-fullstack-app\\frontend\\node_modules\\@esbuild\\linux-ia32'
42 silly reify ]
43 verbose reify failed optional dependency C:\Users\piruj\OneDrive\Desktop\Patri\Gestor-Tareas\my-fullstack-app\frontend\node_modules\@esbuild\linux-arm64
44 silly reify mark deleted [
44 silly reify   'C:\\Users\\piruj\\OneDrive\\Desktop\\Patri\\Gestor-Tareas\\my-fullstack-app\\frontend\\node_modules\\@esbuild\\linux-arm64'
44 silly reify ]
45 verbose reify failed optional dependency C:\Users\piruj\OneDrive\Desktop\Patri\Gestor-Tareas\my-fullstack-app\frontend\node_modules\@esbuild\linux-arm
46 silly reify mark deleted [
46 silly reify   'C:\\Users\\piruj\\OneDrive\\Desktop\\Patri\\Gestor-Tareas\\my-fullstack-app\\frontend\\node_modules\\@esbuild\\linux-arm'
46 silly reify ]
47 verbose reify failed optional dependency C:\Users\piruj\OneDrive\Desktop\Patri\Gestor-Tareas\my-fullstack-app\frontend\node_modules\@esbuild\freebsd-x64
48 silly reify mark deleted [
48 silly reify   'C:\\Users\\piruj\\OneDrive\\Desktop\\Patri\\Gestor-Tareas\\my-fullstack-app\\frontend\\node_modules\\@esbuild\\freebsd-x64'
48 silly reify ]
49 verbose reify failed optional dependency C:\Users\piruj\OneDrive\Desktop\Patri\Gestor-Tareas\my-fullstack-app\frontend\node_modules\@esbuild\freebsd-arm64
50 silly reify mark deleted [
50 silly reify   'C:\\Users\\piruj\\OneDrive\\Desktop\\Patri\\Gestor-Tareas\\my-fullstack-app\\frontend\\node_modules\\@esbuild\\freebsd-arm64'
50 silly reify ]
51 verbose reify failed optional dependency C:\Users\piruj\OneDrive\Desktop\Patri\Gestor-Tareas\my-fullstack-app\frontend\node_modules\@esbuild\darwin-x64
52 silly reify mark deleted [
52 silly reify   'C:\\Users\\piruj\\OneDrive\\Desktop\\Patri\\Gestor-Tareas\\my-fullstack-app\\frontend\\node_modules\\@esbuild\\darwin-x64'
52 silly reify ]
53 verbose reify failed optional dependency C:\Users\piruj\OneDrive\Desktop\Patri\Gestor-Tareas\my-fullstack-app\frontend\node_modules\@esbuild\darwin-arm64
54 silly reify mark deleted [
54 silly reify   'C:\\Users\\piruj\\OneDrive\\Desktop\\Patri\\Gestor-Tareas\\my-fullstack-app\\frontend\\node_modules\\@esbuild\\darwin-arm64'
54 silly reify ]
55 verbose reify failed optional dependency C:\Users\piruj\OneDrive\Desktop\Patri\Gestor-Tareas\my-fullstack-app\frontend\node_modules\@esbuild\android-x64
56 silly reify mark deleted [
56 silly reify   'C:\\Users\\piruj\\OneDrive\\Desktop\\Patri\\Gestor-Tareas\\my-fullstack-app\\frontend\\node_modules\\@esbuild\\android-x64'
56 silly reify ]
57 verbose reify failed optional dependency C:\Users\piruj\OneDrive\Desktop\Patri\Gestor-Tareas\my-fullstack-app\frontend\node_modules\@esbuild\android-arm64
58 silly reify mark deleted [
58 silly reify   'C:\\Users\\piruj\\OneDrive\\Desktop\\Patri\\Gestor-Tareas\\my-fullstack-app\\frontend\\node_modules\\@esbuild\\android-arm64'
58 silly reify ]
59 verbose reify failed optional dependency C:\Users\piruj\OneDrive\Desktop\Patri\Gestor-Tareas\my-fullstack-app\frontend\node_modules\@esbuild\android-arm
60 silly reify mark deleted [
60 silly reify   'C:\\Users\\piruj\\OneDrive\\Desktop\\Patri\\Gestor-Tareas\\my-fullstack-app\\frontend\\node_modules\\@esbuild\\android-arm'
60 silly reify ]
61 http cache tslib@https://registry.npmjs.org/tslib/-/tslib-2.8.1.tgz 0ms (cache hit)
62 http cache motion-utils@https://registry.npmjs.org/motion-utils/-/motion-utils-12.29.2.tgz 0ms (cache hit)
63 http cache motion-dom@https://registry.npmjs.org/motion-dom/-/motion-dom-12.34.3.tgz 0ms (cache hit)
64 http cache framer-motion@https://registry.npmjs.org/framer-motion/-/framer-motion-12.34.3.tgz 0ms (cache hit)
65 http fetch POST 200 https://registry.npmjs.org/-/npm/v1/security/advisories/bulk 336ms
66 silly audit report {
66 silly audit report   axios: [
66 silly audit report     {
66 silly audit report       id: 1111034,
66 silly audit report       url: 'https://github.com/advisories/GHSA-jr5f-v2jv-69x6',
66 silly audit report       title: 'axios Requests Vulnerable To Possible SSRF and Credential Leakage via Absolute URL',
66 silly audit report       severity: 'high',
66 silly audit report       vulnerable_versions: '<0.30.0',
66 silly audit report       cwe: [Array],
66 silly audit report       cvss: [Object]
66 silly audit report     },
66 silly audit report     {
66 silly audit report       id: 1113274,
66 silly audit report       url: 'https://github.com/advisories/GHSA-43fc-jf86-j433',
66 silly audit report       title: 'Axios is Vulnerable to Denial of Service via __proto__ Key in mergeConfig',
66 silly audit report       severity: 'high',
66 silly audit report       vulnerable_versions: '<=0.30.2',
66 silly audit report       cwe: [Array],
66 silly audit report       cvss: [Object]
66 silly audit report     },
66 silly audit report     {
66 silly audit report       id: 1097679,
66 silly audit report       url: 'https://github.com/advisories/GHSA-wf5p-g6vw-rhxx',
66 silly audit report       title: 'Axios Cross-Site Request Forgery Vulnerability',
66 silly audit report       severity: 'moderate',
66 silly audit report       vulnerable_versions: '>=0.8.1 <0.28.0',
66 silly audit report       cwe: [Array],
66 silly audit report       cvss: [Object]
66 silly audit report     }
66 silly audit report   ],
66 silly audit report   esbuild: [
66 silly audit report     {
66 silly audit report       id: 1102341,
66 silly audit report       url: 'https://github.com/advisories/GHSA-67mh-4wv8-2f99',
66 silly audit report       title: 'esbuild enables any website to send any requests to the development server and read the response',
66 silly audit report       severity: 'moderate',
66 silly audit report       vulnerable_versions: '<=0.24.2',
66 silly audit report       cwe: [Array],
66 silly audit report       cvss: [Object]
66 silly audit report     }
66 silly audit report   ],
66 silly audit report   rollup: [
66 silly audit report     {
66 silly audit report       id: 1113516,
66 silly audit report       url: 'https://github.com/advisories/GHSA-mw96-cpmx-2vgc',
66 silly audit report       title: 'Rollup 4 has Arbitrary File Write via Path Traversal',
66 silly audit report       severity: 'high',
66 silly audit report       vulnerable_versions: '>=3.0.0 <3.30.0',
66 silly audit report       cwe: [Array],
66 silly audit report       cvss: [Object]
66 silly audit report     }
66 silly audit report   ],
66 silly audit report   vite: [
66 silly audit report     {
66 silly audit report       id: 1107323,
66 silly audit report       url: 'https://github.com/advisories/GHSA-g4jq-h2w9-997c',
66 silly audit report       title: 'Vite middleware may serve files starting with the same name with the public directory',
66 silly audit report       severity: 'low',
66 silly audit report       vulnerable_versions: '<=5.4.19',
66 silly audit report       cwe: [Array],
66 silly audit report       cvss: [Object]
66 silly audit report     },
66 silly audit report     {
66 silly audit report       id: 1107327,
66 silly audit report       url: 'https://github.com/advisories/GHSA-jqfw-vq24-v9c3',
66 silly audit report       title: "Vite's `server.fs` settings were not applied to HTML files",
66 silly audit report       severity: 'low',
66 silly audit report       vulnerable_versions: '<=5.4.19',
66 silly audit report       cwe: [Array],
66 silly audit report       cvss: [Object]
66 silly audit report     },
66 silly audit report     {
66 silly audit report       id: 1109132,
66 silly audit report       url: 'https://github.com/advisories/GHSA-93m4-6634-74q7',
66 silly audit report       title: 'vite allows server.fs.deny bypass via backslash on Windows',
66 silly audit report       severity: 'moderate',
66 silly audit report       vulnerable_versions: '>=4.5.3 <5.0.0',
66 silly audit report       cwe: [Array],
66 silly audit report       cvss: [Object]
66 silly audit report     }
66 silly audit report   ]
66 silly audit report }
67 silly packumentCache corgi:https://registry.npmjs.org/axios cache-miss
68 silly packumentCache corgi:https://registry.npmjs.org/esbuild cache-miss
69 silly packumentCache corgi:https://registry.npmjs.org/rollup cache-miss
70 silly packumentCache corgi:https://registry.npmjs.org/vite cache-miss
71 http fetch GET 200 https://registry.npmjs.org/esbuild 85ms (cache revalidated)
72 silly packumentCache corgi:https://registry.npmjs.org/esbuild set size:879341 disposed:false
73 http fetch GET 200 https://registry.npmjs.org/axios 95ms (cache revalidated)
74 silly packumentCache corgi:https://registry.npmjs.org/axios set size:273487 disposed:false
75 http fetch GET 200 https://registry.npmjs.org/rollup 101ms (cache revalidated)
76 silly packumentCache corgi:https://registry.npmjs.org/rollup set size:2543476 disposed:false
77 http fetch GET 200 https://registry.npmjs.org/vite 209ms (cache updated)
78 silly packumentCache corgi:https://registry.npmjs.org/vite set size:undefined disposed:false
79 silly packumentCache corgi:https://registry.npmjs.org/@vitejs%2fplugin-react cache-miss
80 http fetch GET 200 https://registry.npmjs.org/@vitejs%2fplugin-react 82ms (cache updated)
81 silly packumentCache corgi:https://registry.npmjs.org/@vitejs%2fplugin-react set size:undefined disposed:false
82 silly ADD node_modules/tslib
83 silly ADD node_modules/motion-utils
84 silly ADD node_modules/motion-dom
85 silly ADD node_modules/fsevents
86 silly ADD node_modules/framer-motion
87 silly ADD node_modules/@esbuild/win32-ia32
88 silly ADD node_modules/@esbuild/win32-arm64
89 silly ADD node_modules/@esbuild/sunos-x64
90 silly ADD node_modules/@esbuild/openbsd-x64
91 silly ADD node_modules/@esbuild/netbsd-x64
92 silly ADD node_modules/@esbuild/linux-x64
93 silly ADD node_modules/@esbuild/linux-s390x
94 silly ADD node_modules/@esbuild/linux-riscv64
95 silly ADD node_modules/@esbuild/linux-ppc64
96 silly ADD node_modules/@esbuild/linux-mips64el
97 silly ADD node_modules/@esbuild/linux-loong64
98 silly ADD node_modules/@esbuild/linux-ia32
99 silly ADD node_modules/@esbuild/linux-arm64
100 silly ADD node_modules/@esbuild/linux-arm
101 silly ADD node_modules/@esbuild/freebsd-x64
102 silly ADD node_modules/@esbuild/freebsd-arm64
103 silly ADD node_modules/@esbuild/darwin-x64
104 silly ADD node_modules/@esbuild/darwin-arm64
105 silly ADD node_modules/@esbuild/android-x64
106 silly ADD node_modules/@esbuild/android-arm64
107 silly ADD node_modules/@esbuild/android-arm
108 verbose cwd C:\Users\piruj\OneDrive\Desktop\Patri\Gestor-Tareas\my-fullstack-app\frontend
109 verbose os Windows_NT 10.0.26200
110 verbose node v23.5.0
111 verbose npm  v11.6.1
112 verbose exit 0
113 info ok
